[{"channel":"CNNInternationalEurope.us","site":"example.com","lang":"en","url":"https://iptv-org.github.io/epg/guides/ca-en/example.com.epg.xml.gz"},{"channel":"CNNInternationalEurope.us","site":"example.com","lang":"ru","url":"https://iptv-org.github.io/epg/guides/ca-ru/example.com.epg.xml.gz"},{"channel":"CNNInternationalEurope2.us","site":"example.com","lang":"en","url":"https://iptv-org.github.io/epg/guides/ca-en/example.com.epg.xml.gz"}]